QMetaObject::connectSlotsByName: No matching signal for on_buttonCloseStatus_clicked()
Loading compatible plugins from directory:  "/tmp/.mount_PlotJujbLCCD/usr/bin"
"/tmp/.mount_PlotJujbLCCD/usr/bin/libDataLoadCSV.so is a DataLoader plugin"
"/tmp/.mount_PlotJujbLCCD/usr/bin/libDataLoadMCAP.so is a DataLoader plugin"
"/tmp/.mount_PlotJujbLCCD/usr/bin/libDataLoadParquet.so is a DataLoader plugin"
"/tmp/.mount_PlotJujbLCCD/usr/bin/libDataLoadULog.so is a DataLoader plugin"
"/tmp/.mount_PlotJujbLCCD/usr/bin/libDataStreamFoxgloveBridge.so is a DataStreamer plugin"
"/tmp/.mount_PlotJujbLCCD/usr/bin/libDataStreamMQTT_Mosquitto.so is a DataStreamer plugin"
"/tmp/.mount_PlotJujbLCCD/usr/bin/libDataStreamPlotJugglerBridge.so is a DataStreamer plugin"
"/tmp/.mount_PlotJujbLCCD/usr/bin/libDataStreamSample.so is a DataStreamer plugin"  ...disabled, unless option -t is used
"/tmp/.mount_PlotJujbLCCD/usr/bin/libDataStreamUDP.so is a DataStreamer plugin"
"/tmp/.mount_PlotJujbLCCD/usr/bin/libDataStreamWebSocket.so is a DataStreamer plugin"
"/tmp/.mount_PlotJujbLCCD/usr/bin/libParserDataTamer.so is a MessageParser plugin"
"/tmp/.mount_PlotJujbLCCD/usr/bin/libParserLineInflux.so is a MessageParser plugin"
"/tmp/.mount_PlotJujbLCCD/usr/bin/libParserROS1.so is a MessageParser plugin"
"/tmp/.mount_PlotJujbLCCD/usr/bin/libParserROS2.so is a MessageParser plugin"
"/tmp/.mount_PlotJujbLCCD/usr/bin/libProtobufParser.so is a MessageParser plugin"
"/tmp/.mount_PlotJujbLCCD/usr/bin/libPublisherCSV.so is a StatePublisher plugin"
Type conversion already registered from type QString to type QwtText
"/tmp/.mount_PlotJujbLCCD/usr/bin/libToolboxFFT.so is a Toolbox plugin"
"/tmp/.mount_PlotJujbLCCD/usr/bin/libToolboxLuaEditor.so is a Toolbox plugin"
Type conversion already registered from type QString to type QwtText
"/tmp/.mount_PlotJujbLCCD/usr/bin/libToolboxQuaternion.so is a Toolbox plugin"
Loading compatible plugins from directory:  "/usr/local/bin"
Loading compatible plugins from directory:  "/home/nano/.local/share/PlotJuggler"
Plugin folder does not exist:  "/home/nano/.local/share/PlotJuggler"
QMetaObject::connectSlotsByName: No matching signal for on_buttonCloseStatus_clicked()
Loading compatible plugins from directory:  "/tmp/.mount_PlotJuBCeoFC/usr/bin"
"/tmp/.mount_PlotJuBCeoFC/usr/bin/libDataLoadCSV.so is a DataLoader plugin"
"/tmp/.mount_PlotJuBCeoFC/usr/bin/libDataLoadMCAP.so is a DataLoader plugin"
"/tmp/.mount_PlotJuBCeoFC/usr/bin/libDataLoadParquet.so is a DataLoader plugin"
"/tmp/.mount_PlotJuBCeoFC/usr/bin/libDataLoadULog.so is a DataLoader plugin"
"/tmp/.mount_PlotJuBCeoFC/usr/bin/libDataStreamFoxgloveBridge.so is a DataStreamer plugin"
"/tmp/.mount_PlotJuBCeoFC/usr/bin/libDataStreamMQTT_Mosquitto.so is a DataStreamer plugin"
"/tmp/.mount_PlotJuBCeoFC/usr/bin/libDataStreamPlotJugglerBridge.so is a DataStreamer plugin"
"/tmp/.mount_PlotJuBCeoFC/usr/bin/libDataStreamSample.so is a DataStreamer plugin"  ...disabled, unless option -t is used
"/tmp/.mount_PlotJuBCeoFC/usr/bin/libDataStreamUDP.so is a DataStreamer plugin"
"/tmp/.mount_PlotJuBCeoFC/usr/bin/libDataStreamWebSocket.so is a DataStreamer plugin"
"/tmp/.mount_PlotJuBCeoFC/usr/bin/libParserDataTamer.so is a MessageParser plugin"
"/tmp/.mount_PlotJuBCeoFC/usr/bin/libParserLineInflux.so is a MessageParser plugin"
"/tmp/.mount_PlotJuBCeoFC/usr/bin/libParserROS1.so is a MessageParser plugin"
"/tmp/.mount_PlotJuBCeoFC/usr/bin/libParserROS2.so is a MessageParser plugin"
"/tmp/.mount_PlotJuBCeoFC/usr/bin/libProtobufParser.so is a MessageParser plugin"
"/tmp/.mount_PlotJuBCeoFC/usr/bin/libPublisherCSV.so is a StatePublisher plugin"
Type conversion already registered from type QString to type QwtText
"/tmp/.mount_PlotJuBCeoFC/usr/bin/libToolboxFFT.so is a Toolbox plugin"
"/tmp/.mount_PlotJuBCeoFC/usr/bin/libToolboxLuaEditor.so is a Toolbox plugin"
Type conversion already registered from type QString to type QwtText
"/tmp/.mount_PlotJuBCeoFC/usr/bin/libToolboxQuaternion.so is a Toolbox plugin"
Loading compatible plugins from directory:  "/usr/local/bin"
Loading compatible plugins from directory:  "/home/nano/.local/share/PlotJuggler"
Plugin folder does not exist:  "/home/nano/.local/share/PlotJuggler"
"IPv4 UDP listening on (127.0.0.1, 9870)"
QMetaObject::connectSlotsByName: No matching signal for on_buttonCloseStatus_clicked()
Loading compatible plugins from directory:  "/tmp/.mount_PlotJubOOAAe/usr/bin"
"/tmp/.mount_PlotJubOOAAe/usr/bin/libDataLoadCSV.so is a DataLoader plugin"
"/tmp/.mount_PlotJubOOAAe/usr/bin/libDataLoadMCAP.so is a DataLoader plugin"
"/tmp/.mount_PlotJubOOAAe/usr/bin/libDataLoadParquet.so is a DataLoader plugin"
"/tmp/.mount_PlotJubOOAAe/usr/bin/libDataLoadULog.so is a DataLoader plugin"
"/tmp/.mount_PlotJubOOAAe/usr/bin/libDataStreamFoxgloveBridge.so is a DataStreamer plugin"
"/tmp/.mount_PlotJubOOAAe/usr/bin/libDataStreamMQTT_Mosquitto.so is a DataStreamer plugin"
"/tmp/.mount_PlotJubOOAAe/usr/bin/libDataStreamPlotJugglerBridge.so is a DataStreamer plugin"
"/tmp/.mount_PlotJubOOAAe/usr/bin/libDataStreamSample.so is a DataStreamer plugin"  ...disabled, unless option -t is used
"/tmp/.mount_PlotJubOOAAe/usr/bin/libDataStreamUDP.so is a DataStreamer plugin"
"/tmp/.mount_PlotJubOOAAe/usr/bin/libDataStreamWebSocket.so is a DataStreamer plugin"
"/tmp/.mount_PlotJubOOAAe/usr/bin/libParserDataTamer.so is a MessageParser plugin"
"/tmp/.mount_PlotJubOOAAe/usr/bin/libParserLineInflux.so is a MessageParser plugin"
"/tmp/.mount_PlotJubOOAAe/usr/bin/libParserROS1.so is a MessageParser plugin"
"/tmp/.mount_PlotJubOOAAe/usr/bin/libParserROS2.so is a MessageParser plugin"
"/tmp/.mount_PlotJubOOAAe/usr/bin/libProtobufParser.so is a MessageParser plugin"
"/tmp/.mount_PlotJubOOAAe/usr/bin/libPublisherCSV.so is a StatePublisher plugin"
Type conversion already registered from type QString to type QwtText
"/tmp/.mount_PlotJubOOAAe/usr/bin/libToolboxFFT.so is a Toolbox plugin"
"/tmp/.mount_PlotJubOOAAe/usr/bin/libToolboxLuaEditor.so is a Toolbox plugin"
Type conversion already registered from type QString to type QwtText
"/tmp/.mount_PlotJubOOAAe/usr/bin/libToolboxQuaternion.so is a Toolbox plugin"
Loading compatible plugins from directory:  "/usr/local/bin"
Loading compatible plugins from directory:  "/home/nano/.local/share/PlotJuggler"
Plugin folder does not exist:  "/home/nano/.local/share/PlotJuggler"
"IPv4 UDP listening on (127.0.0.1, 9870)"
Failed to launch the streamer
"IPv4 UDP listening on (127.0.0.1, 9870)"
"IPv4 UDP listening on (127.0.0.1, 9870)"
"IPv4 UDP listening on (127.0.0.1, 9870)"
"IPv4 UDP listening on (127.0.0.1, 9870)"
QMetaObject::connectSlotsByName: No matching signal for on_buttonCloseStatus_clicked()
Loading compatible plugins from directory:  "/tmp/.mount_PlotJubDOgaL/usr/bin"
"/tmp/.mount_PlotJubDOgaL/usr/bin/libDataLoadCSV.so is a DataLoader plugin"
"/tmp/.mount_PlotJubDOgaL/usr/bin/libDataLoadMCAP.so is a DataLoader plugin"
"/tmp/.mount_PlotJubDOgaL/usr/bin/libDataLoadParquet.so is a DataLoader plugin"
"/tmp/.mount_PlotJubDOgaL/usr/bin/libDataLoadULog.so is a DataLoader plugin"
"/tmp/.mount_PlotJubDOgaL/usr/bin/libDataStreamFoxgloveBridge.so is a DataStreamer plugin"
"/tmp/.mount_PlotJubDOgaL/usr/bin/libDataStreamMQTT_Mosquitto.so is a DataStreamer plugin"
"/tmp/.mount_PlotJubDOgaL/usr/bin/libDataStreamPlotJugglerBridge.so is a DataStreamer plugin"
"/tmp/.mount_PlotJubDOgaL/usr/bin/libDataStreamSample.so is a DataStreamer plugin"  ...disabled, unless option -t is used
"/tmp/.mount_PlotJubDOgaL/usr/bin/libDataStreamUDP.so is a DataStreamer plugin"
"/tmp/.mount_PlotJubDOgaL/usr/bin/libDataStreamWebSocket.so is a DataStreamer plugin"
"/tmp/.mount_PlotJubDOgaL/usr/bin/libParserDataTamer.so is a MessageParser plugin"
"/tmp/.mount_PlotJubDOgaL/usr/bin/libParserLineInflux.so is a MessageParser plugin"
"/tmp/.mount_PlotJubDOgaL/usr/bin/libParserROS1.so is a MessageParser plugin"
"/tmp/.mount_PlotJubDOgaL/usr/bin/libParserROS2.so is a MessageParser plugin"
"/tmp/.mount_PlotJubDOgaL/usr/bin/libProtobufParser.so is a MessageParser plugin"
"/tmp/.mount_PlotJubDOgaL/usr/bin/libPublisherCSV.so is a StatePublisher plugin"
Type conversion already registered from type QString to type QwtText
"/tmp/.mount_PlotJubDOgaL/usr/bin/libToolboxFFT.so is a Toolbox plugin"
"/tmp/.mount_PlotJubDOgaL/usr/bin/libToolboxLuaEditor.so is a Toolbox plugin"
Type conversion already registered from type QString to type QwtText
"/tmp/.mount_PlotJubDOgaL/usr/bin/libToolboxQuaternion.so is a Toolbox plugin"
Loading compatible plugins from directory:  "/usr/local/bin"
Loading compatible plugins from directory:  "/home/nano/.local/share/PlotJuggler"
Plugin folder does not exist:  "/home/nano/.local/share/PlotJuggler"
"IPv4 UDP listening on (127.0.0.1, 9870)"
"IPv4 UDP listening on (127.0.0.1, 9870)"
"IPv4 UDP listening on (127.0.0.1, 9870)"
QMetaObject::connectSlotsByName: No matching signal for on_buttonCloseStatus_clicked()
Loading compatible plugins from directory:  "/tmp/.mount_PlotJuGJaEgB/usr/bin"
"/tmp/.mount_PlotJuGJaEgB/usr/bin/libDataLoadCSV.so is a DataLoader plugin"
"/tmp/.mount_PlotJuGJaEgB/usr/bin/libDataLoadMCAP.so is a DataLoader plugin"
"/tmp/.mount_PlotJuGJaEgB/usr/bin/libDataLoadParquet.so is a DataLoader plugin"
"/tmp/.mount_PlotJuGJaEgB/usr/bin/libDataLoadULog.so is a DataLoader plugin"
"/tmp/.mount_PlotJuGJaEgB/usr/bin/libDataStreamFoxgloveBridge.so is a DataStreamer plugin"
"/tmp/.mount_PlotJuGJaEgB/usr/bin/libDataStreamMQTT_Mosquitto.so is a DataStreamer plugin"
"/tmp/.mount_PlotJuGJaEgB/usr/bin/libDataStreamPlotJugglerBridge.so is a DataStreamer plugin"
"/tmp/.mount_PlotJuGJaEgB/usr/bin/libDataStreamSample.so is a DataStreamer plugin"  ...disabled, unless option -t is used
"/tmp/.mount_PlotJuGJaEgB/usr/bin/libDataStreamUDP.so is a DataStreamer plugin"
"/tmp/.mount_PlotJuGJaEgB/usr/bin/libDataStreamWebSocket.so is a DataStreamer plugin"
"/tmp/.mount_PlotJuGJaEgB/usr/bin/libParserDataTamer.so is a MessageParser plugin"
"/tmp/.mount_PlotJuGJaEgB/usr/bin/libParserLineInflux.so is a MessageParser plugin"
"/tmp/.mount_PlotJuGJaEgB/usr/bin/libParserROS1.so is a MessageParser plugin"
"/tmp/.mount_PlotJuGJaEgB/usr/bin/libParserROS2.so is a MessageParser plugin"
"/tmp/.mount_PlotJuGJaEgB/usr/bin/libProtobufParser.so is a MessageParser plugin"
"/tmp/.mount_PlotJuGJaEgB/usr/bin/libPublisherCSV.so is a StatePublisher plugin"
Type conversion already registered from type QString to type QwtText
"/tmp/.mount_PlotJuGJaEgB/usr/bin/libToolboxFFT.so is a Toolbox plugin"
"/tmp/.mount_PlotJuGJaEgB/usr/bin/libToolboxLuaEditor.so is a Toolbox plugin"
Type conversion already registered from type QString to type QwtText
"/tmp/.mount_PlotJuGJaEgB/usr/bin/libToolboxQuaternion.so is a Toolbox plugin"
Loading compatible plugins from directory:  "/usr/local/bin"
Loading compatible plugins from directory:  "/home/nano/.local/share/PlotJuggler"
Plugin folder does not exist:  "/home/nano/.local/share/PlotJuggler"
"IPv4 UDP listening on (127.0.0.1, 9870)"
QMetaObject::connectSlotsByName: No matching signal for on_buttonCloseStatus_clicked()
Loading compatible plugins from directory:  "/tmp/.mount_PlotJudaFLkN/usr/bin"
"/tmp/.mount_PlotJudaFLkN/usr/bin/libDataLoadCSV.so is a DataLoader plugin"
"/tmp/.mount_PlotJudaFLkN/usr/bin/libDataLoadMCAP.so is a DataLoader plugin"
"/tmp/.mount_PlotJudaFLkN/usr/bin/libDataLoadParquet.so is a DataLoader plugin"
"/tmp/.mount_PlotJudaFLkN/usr/bin/libDataLoadULog.so is a DataLoader plugin"
"/tmp/.mount_PlotJudaFLkN/usr/bin/libDataStreamFoxgloveBridge.so is a DataStreamer plugin"
"/tmp/.mount_PlotJudaFLkN/usr/bin/libDataStreamMQTT_Mosquitto.so is a DataStreamer plugin"
"/tmp/.mount_PlotJudaFLkN/usr/bin/libDataStreamPlotJugglerBridge.so is a DataStreamer plugin"
"/tmp/.mount_PlotJudaFLkN/usr/bin/libDataStreamSample.so is a DataStreamer plugin"  ...disabled, unless option -t is used
"/tmp/.mount_PlotJudaFLkN/usr/bin/libDataStreamUDP.so is a DataStreamer plugin"
"/tmp/.mount_PlotJudaFLkN/usr/bin/libDataStreamWebSocket.so is a DataStreamer plugin"
"/tmp/.mount_PlotJudaFLkN/usr/bin/libParserDataTamer.so is a MessageParser plugin"
"/tmp/.mount_PlotJudaFLkN/usr/bin/libParserLineInflux.so is a MessageParser plugin"
"/tmp/.mount_PlotJudaFLkN/usr/bin/libParserROS1.so is a MessageParser plugin"
"/tmp/.mount_PlotJudaFLkN/usr/bin/libParserROS2.so is a MessageParser plugin"
"/tmp/.mount_PlotJudaFLkN/usr/bin/libProtobufParser.so is a MessageParser plugin"
"/tmp/.mount_PlotJudaFLkN/usr/bin/libPublisherCSV.so is a StatePublisher plugin"
Type conversion already registered from type QString to type QwtText
"/tmp/.mount_PlotJudaFLkN/usr/bin/libToolboxFFT.so is a Toolbox plugin"
"/tmp/.mount_PlotJudaFLkN/usr/bin/libToolboxLuaEditor.so is a Toolbox plugin"
Type conversion already registered from type QString to type QwtText
"/tmp/.mount_PlotJudaFLkN/usr/bin/libToolboxQuaternion.so is a Toolbox plugin"
Loading compatible plugins from directory:  "/usr/local/bin"
Loading compatible plugins from directory:  "/home/nano/.local/share/PlotJuggler"
Plugin folder does not exist:  "/home/nano/.local/share/PlotJuggler"
"IPv4 UDP listening on (127.0.0.1, 9870)"
QMetaObject::connectSlotsByName: No matching signal for on_buttonCloseStatus_clicked()
Loading compatible plugins from directory:  "/tmp/.mount_PlotJuHEGOJF/usr/bin"
"/tmp/.mount_PlotJuHEGOJF/usr/bin/libDataLoadCSV.so is a DataLoader plugin"
"/tmp/.mount_PlotJuHEGOJF/usr/bin/libDataLoadMCAP.so is a DataLoader plugin"
"/tmp/.mount_PlotJuHEGOJF/usr/bin/libDataLoadParquet.so is a DataLoader plugin"
"/tmp/.mount_PlotJuHEGOJF/usr/bin/libDataLoadULog.so is a DataLoader plugin"
"/tmp/.mount_PlotJuHEGOJF/usr/bin/libDataStreamFoxgloveBridge.so is a DataStreamer plugin"
"/tmp/.mount_PlotJuHEGOJF/usr/bin/libDataStreamMQTT_Mosquitto.so is a DataStreamer plugin"
"/tmp/.mount_PlotJuHEGOJF/usr/bin/libDataStreamPlotJugglerBridge.so is a DataStreamer plugin"
"/tmp/.mount_PlotJuHEGOJF/usr/bin/libDataStreamSample.so is a DataStreamer plugin"  ...disabled, unless option -t is used
"/tmp/.mount_PlotJuHEGOJF/usr/bin/libDataStreamUDP.so is a DataStreamer plugin"
"/tmp/.mount_PlotJuHEGOJF/usr/bin/libDataStreamWebSocket.so is a DataStreamer plugin"
"/tmp/.mount_PlotJuHEGOJF/usr/bin/libParserDataTamer.so is a MessageParser plugin"
"/tmp/.mount_PlotJuHEGOJF/usr/bin/libParserLineInflux.so is a MessageParser plugin"
"/tmp/.mount_PlotJuHEGOJF/usr/bin/libParserROS1.so is a MessageParser plugin"
"/tmp/.mount_PlotJuHEGOJF/usr/bin/libParserROS2.so is a MessageParser plugin"
"/tmp/.mount_PlotJuHEGOJF/usr/bin/libProtobufParser.so is a MessageParser plugin"
"/tmp/.mount_PlotJuHEGOJF/usr/bin/libPublisherCSV.so is a StatePublisher plugin"
Type conversion already registered from type QString to type QwtText
"/tmp/.mount_PlotJuHEGOJF/usr/bin/libToolboxFFT.so is a Toolbox plugin"
"/tmp/.mount_PlotJuHEGOJF/usr/bin/libToolboxLuaEditor.so is a Toolbox plugin"
Type conversion already registered from type QString to type QwtText
"/tmp/.mount_PlotJuHEGOJF/usr/bin/libToolboxQuaternion.so is a Toolbox plugin"
Loading compatible plugins from directory:  "/usr/local/bin"
Loading compatible plugins from directory:  "/home/nano/.local/share/PlotJuggler"
Plugin folder does not exist:  "/home/nano/.local/share/PlotJuggler"
"IPv4 UDP listening on (127.0.0.1, 9870)"
"IPv4 UDP listening on (127.0.0.1, 9870)"
"IPv4 UDP listening on (127.0.0.1, 9870)"
"IPv4 UDP listening on (127.0.0.1, 9870)"
QMetaObject::connectSlotsByName: No matching signal for on_buttonCloseStatus_clicked()
Loading compatible plugins from directory:  "/tmp/.mount_PlotJuDknKpL/usr/bin"
"/tmp/.mount_PlotJuDknKpL/usr/bin/libDataLoadCSV.so is a DataLoader plugin"
"/tmp/.mount_PlotJuDknKpL/usr/bin/libDataLoadMCAP.so is a DataLoader plugin"
"/tmp/.mount_PlotJuDknKpL/usr/bin/libDataLoadParquet.so is a DataLoader plugin"
"/tmp/.mount_PlotJuDknKpL/usr/bin/libDataLoadULog.so is a DataLoader plugin"
"/tmp/.mount_PlotJuDknKpL/usr/bin/libDataStreamFoxgloveBridge.so is a DataStreamer plugin"
"/tmp/.mount_PlotJuDknKpL/usr/bin/libDataStreamMQTT_Mosquitto.so is a DataStreamer plugin"
"/tmp/.mount_PlotJuDknKpL/usr/bin/libDataStreamPlotJugglerBridge.so is a DataStreamer plugin"
"/tmp/.mount_PlotJuDknKpL/usr/bin/libDataStreamSample.so is a DataStreamer plugin"  ...disabled, unless option -t is used
"/tmp/.mount_PlotJuDknKpL/usr/bin/libDataStreamUDP.so is a DataStreamer plugin"
"/tmp/.mount_PlotJuDknKpL/usr/bin/libDataStreamWebSocket.so is a DataStreamer plugin"
"/tmp/.mount_PlotJuDknKpL/usr/bin/libParserDataTamer.so is a MessageParser plugin"
"/tmp/.mount_PlotJuDknKpL/usr/bin/libParserLineInflux.so is a MessageParser plugin"
"/tmp/.mount_PlotJuDknKpL/usr/bin/libParserROS1.so is a MessageParser plugin"
"/tmp/.mount_PlotJuDknKpL/usr/bin/libParserROS2.so is a MessageParser plugin"
"/tmp/.mount_PlotJuDknKpL/usr/bin/libProtobufParser.so is a MessageParser plugin"
"/tmp/.mount_PlotJuDknKpL/usr/bin/libPublisherCSV.so is a StatePublisher plugin"
Type conversion already registered from type QString to type QwtText
"/tmp/.mount_PlotJuDknKpL/usr/bin/libToolboxFFT.so is a Toolbox plugin"
"/tmp/.mount_PlotJuDknKpL/usr/bin/libToolboxLuaEditor.so is a Toolbox plugin"
Type conversion already registered from type QString to type QwtText
"/tmp/.mount_PlotJuDknKpL/usr/bin/libToolboxQuaternion.so is a Toolbox plugin"
Loading compatible plugins from directory:  "/usr/local/bin"
Loading compatible plugins from directory:  "/home/nano/.local/share/PlotJuggler"
Plugin folder does not exist:  "/home/nano/.local/share/PlotJuggler"
"IPv4 UDP listening on (127.0.0.1, 9870)"
QMetaObject::connectSlotsByName: No matching signal for on_buttonCloseStatus_clicked()
Loading compatible plugins from directory:  "/tmp/.mount_PlotJudoCgEi/usr/bin"
"/tmp/.mount_PlotJudoCgEi/usr/bin/libDataLoadCSV.so is a DataLoader plugin"
"/tmp/.mount_PlotJudoCgEi/usr/bin/libDataLoadMCAP.so is a DataLoader plugin"
"/tmp/.mount_PlotJudoCgEi/usr/bin/libDataLoadParquet.so is a DataLoader plugin"
"/tmp/.mount_PlotJudoCgEi/usr/bin/libDataLoadULog.so is a DataLoader plugin"
"/tmp/.mount_PlotJudoCgEi/usr/bin/libDataStreamFoxgloveBridge.so is a DataStreamer plugin"
"/tmp/.mount_PlotJudoCgEi/usr/bin/libDataStreamMQTT_Mosquitto.so is a DataStreamer plugin"
"/tmp/.mount_PlotJudoCgEi/usr/bin/libDataStreamPlotJugglerBridge.so is a DataStreamer plugin"
"/tmp/.mount_PlotJudoCgEi/usr/bin/libDataStreamSample.so is a DataStreamer plugin"  ...disabled, unless option -t is used
"/tmp/.mount_PlotJudoCgEi/usr/bin/libDataStreamUDP.so is a DataStreamer plugin"
"/tmp/.mount_PlotJudoCgEi/usr/bin/libDataStreamWebSocket.so is a DataStreamer plugin"
"/tmp/.mount_PlotJudoCgEi/usr/bin/libParserDataTamer.so is a MessageParser plugin"
"/tmp/.mount_PlotJudoCgEi/usr/bin/libParserLineInflux.so is a MessageParser plugin"
"/tmp/.mount_PlotJudoCgEi/usr/bin/libParserROS1.so is a MessageParser plugin"
"/tmp/.mount_PlotJudoCgEi/usr/bin/libParserROS2.so is a MessageParser plugin"
"/tmp/.mount_PlotJudoCgEi/usr/bin/libProtobufParser.so is a MessageParser plugin"
"/tmp/.mount_PlotJudoCgEi/usr/bin/libPublisherCSV.so is a StatePublisher plugin"
Type conversion already registered from type QString to type QwtText
"/tmp/.mount_PlotJudoCgEi/usr/bin/libToolboxFFT.so is a Toolbox plugin"
"/tmp/.mount_PlotJudoCgEi/usr/bin/libToolboxLuaEditor.so is a Toolbox plugin"
Type conversion already registered from type QString to type QwtText
"/tmp/.mount_PlotJudoCgEi/usr/bin/libToolboxQuaternion.so is a Toolbox plugin"
Loading compatible plugins from directory:  "/usr/local/bin"
Loading compatible plugins from directory:  "/home/nano/.local/share/PlotJuggler"
Plugin folder does not exist:  "/home/nano/.local/share/PlotJuggler"
"IPv4 UDP listening on (127.0.0.1, 9870)"
QMetaObject::connectSlotsByName: No matching signal for on_buttonCloseStatus_clicked()
Loading compatible plugins from directory:  "/tmp/.mount_PlotJuaCBLdH/usr/bin"
"/tmp/.mount_PlotJuaCBLdH/usr/bin/libDataLoadCSV.so is a DataLoader plugin"
"/tmp/.mount_PlotJuaCBLdH/usr/bin/libDataLoadMCAP.so is a DataLoader plugin"
"/tmp/.mount_PlotJuaCBLdH/usr/bin/libDataLoadParquet.so is a DataLoader plugin"
"/tmp/.mount_PlotJuaCBLdH/usr/bin/libDataLoadULog.so is a DataLoader plugin"
"/tmp/.mount_PlotJuaCBLdH/usr/bin/libDataStreamFoxgloveBridge.so is a DataStreamer plugin"
"/tmp/.mount_PlotJuaCBLdH/usr/bin/libDataStreamMQTT_Mosquitto.so is a DataStreamer plugin"
"/tmp/.mount_PlotJuaCBLdH/usr/bin/libDataStreamPlotJugglerBridge.so is a DataStreamer plugin"
"/tmp/.mount_PlotJuaCBLdH/usr/bin/libDataStreamSample.so is a DataStreamer plugin"  ...disabled, unless option -t is used
"/tmp/.mount_PlotJuaCBLdH/usr/bin/libDataStreamUDP.so is a DataStreamer plugin"
"/tmp/.mount_PlotJuaCBLdH/usr/bin/libDataStreamWebSocket.so is a DataStreamer plugin"
"/tmp/.mount_PlotJuaCBLdH/usr/bin/libParserDataTamer.so is a MessageParser plugin"
"/tmp/.mount_PlotJuaCBLdH/usr/bin/libParserLineInflux.so is a MessageParser plugin"
"/tmp/.mount_PlotJuaCBLdH/usr/bin/libParserROS1.so is a MessageParser plugin"
"/tmp/.mount_PlotJuaCBLdH/usr/bin/libParserROS2.so is a MessageParser plugin"
"/tmp/.mount_PlotJuaCBLdH/usr/bin/libProtobufParser.so is a MessageParser plugin"
"/tmp/.mount_PlotJuaCBLdH/usr/bin/libPublisherCSV.so is a StatePublisher plugin"
Type conversion already registered from type QString to type QwtText
"/tmp/.mount_PlotJuaCBLdH/usr/bin/libToolboxFFT.so is a Toolbox plugin"
"/tmp/.mount_PlotJuaCBLdH/usr/bin/libToolboxLuaEditor.so is a Toolbox plugin"
Type conversion already registered from type QString to type QwtText
"/tmp/.mount_PlotJuaCBLdH/usr/bin/libToolboxQuaternion.so is a Toolbox plugin"
Loading compatible plugins from directory:  "/usr/local/bin"
Loading compatible plugins from directory:  "/home/nano/.local/share/PlotJuggler"
Plugin folder does not exist:  "/home/nano/.local/share/PlotJuggler"
"IPv4 UDP listening on (127.0.0.1, 9870)"
QMetaObject::connectSlotsByName: No matching signal for on_buttonCloseStatus_clicked()
Loading compatible plugins from directory:  "/tmp/.mount_PlotJuplHKaM/usr/bin"
"/tmp/.mount_PlotJuplHKaM/usr/bin/libDataLoadCSV.so is a DataLoader plugin"
"/tmp/.mount_PlotJuplHKaM/usr/bin/libDataLoadMCAP.so is a DataLoader plugin"
"/tmp/.mount_PlotJuplHKaM/usr/bin/libDataLoadParquet.so is a DataLoader plugin"
"/tmp/.mount_PlotJuplHKaM/usr/bin/libDataLoadULog.so is a DataLoader plugin"
"/tmp/.mount_PlotJuplHKaM/usr/bin/libDataStreamFoxgloveBridge.so is a DataStreamer plugin"
"/tmp/.mount_PlotJuplHKaM/usr/bin/libDataStreamMQTT_Mosquitto.so is a DataStreamer plugin"
"/tmp/.mount_PlotJuplHKaM/usr/bin/libDataStreamPlotJugglerBridge.so is a DataStreamer plugin"
"/tmp/.mount_PlotJuplHKaM/usr/bin/libDataStreamSample.so is a DataStreamer plugin"  ...disabled, unless option -t is used
"/tmp/.mount_PlotJuplHKaM/usr/bin/libDataStreamUDP.so is a DataStreamer plugin"
"/tmp/.mount_PlotJuplHKaM/usr/bin/libDataStreamWebSocket.so is a DataStreamer plugin"
"/tmp/.mount_PlotJuplHKaM/usr/bin/libParserDataTamer.so is a MessageParser plugin"
"/tmp/.mount_PlotJuplHKaM/usr/bin/libParserLineInflux.so is a MessageParser plugin"
"/tmp/.mount_PlotJuplHKaM/usr/bin/libParserROS1.so is a MessageParser plugin"
"/tmp/.mount_PlotJuplHKaM/usr/bin/libParserROS2.so is a MessageParser plugin"
"/tmp/.mount_PlotJuplHKaM/usr/bin/libProtobufParser.so is a MessageParser plugin"
"/tmp/.mount_PlotJuplHKaM/usr/bin/libPublisherCSV.so is a StatePublisher plugin"
Type conversion already registered from type QString to type QwtText
"/tmp/.mount_PlotJuplHKaM/usr/bin/libToolboxFFT.so is a Toolbox plugin"
"/tmp/.mount_PlotJuplHKaM/usr/bin/libToolboxLuaEditor.so is a Toolbox plugin"
Type conversion already registered from type QString to type QwtText
"/tmp/.mount_PlotJuplHKaM/usr/bin/libToolboxQuaternion.so is a Toolbox plugin"
Loading compatible plugins from directory:  "/usr/local/bin"
Loading compatible plugins from directory:  "/home/nano/.local/share/PlotJuggler"
Plugin folder does not exist:  "/home/nano/.local/share/PlotJuggler"
"IPv4 UDP listening on (127.0.0.1, 9870)"
QMetaObject::connectSlotsByName: No matching signal for on_buttonCloseStatus_clicked()
Loading compatible plugins from directory:  "/tmp/.mount_PlotJuGnbHDi/usr/bin"
"/tmp/.mount_PlotJuGnbHDi/usr/bin/libDataLoadCSV.so is a DataLoader plugin"
"/tmp/.mount_PlotJuGnbHDi/usr/bin/libDataLoadMCAP.so is a DataLoader plugin"
"/tmp/.mount_PlotJuGnbHDi/usr/bin/libDataLoadParquet.so is a DataLoader plugin"
"/tmp/.mount_PlotJuGnbHDi/usr/bin/libDataLoadULog.so is a DataLoader plugin"
"/tmp/.mount_PlotJuGnbHDi/usr/bin/libDataStreamFoxgloveBridge.so is a DataStreamer plugin"
"/tmp/.mount_PlotJuGnbHDi/usr/bin/libDataStreamMQTT_Mosquitto.so is a DataStreamer plugin"
"/tmp/.mount_PlotJuGnbHDi/usr/bin/libDataStreamPlotJugglerBridge.so is a DataStreamer plugin"
"/tmp/.mount_PlotJuGnbHDi/usr/bin/libDataStreamSample.so is a DataStreamer plugin"  ...disabled, unless option -t is used
"/tmp/.mount_PlotJuGnbHDi/usr/bin/libDataStreamUDP.so is a DataStreamer plugin"
"/tmp/.mount_PlotJuGnbHDi/usr/bin/libDataStreamWebSocket.so is a DataStreamer plugin"
"/tmp/.mount_PlotJuGnbHDi/usr/bin/libParserDataTamer.so is a MessageParser plugin"
"/tmp/.mount_PlotJuGnbHDi/usr/bin/libParserLineInflux.so is a MessageParser plugin"
"/tmp/.mount_PlotJuGnbHDi/usr/bin/libParserROS1.so is a MessageParser plugin"
"/tmp/.mount_PlotJuGnbHDi/usr/bin/libParserROS2.so is a MessageParser plugin"
"/tmp/.mount_PlotJuGnbHDi/usr/bin/libProtobufParser.so is a MessageParser plugin"
"/tmp/.mount_PlotJuGnbHDi/usr/bin/libPublisherCSV.so is a StatePublisher plugin"
Type conversion already registered from type QString to type QwtText
"/tmp/.mount_PlotJuGnbHDi/usr/bin/libToolboxFFT.so is a Toolbox plugin"
"/tmp/.mount_PlotJuGnbHDi/usr/bin/libToolboxLuaEditor.so is a Toolbox plugin"
Type conversion already registered from type QString to type QwtText
"/tmp/.mount_PlotJuGnbHDi/usr/bin/libToolboxQuaternion.so is a Toolbox plugin"
Loading compatible plugins from directory:  "/usr/local/bin"
Loading compatible plugins from directory:  "/home/nano/.local/share/PlotJuggler"
Plugin folder does not exist:  "/home/nano/.local/share/PlotJuggler"
"IPv4 UDP listening on (127.0.0.1, 9870)"
QMetaObject::connectSlotsByName: No matching signal for on_buttonCloseStatus_clicked()
Loading compatible plugins from directory:  "/tmp/.mount_PlotJuIKIhkJ/usr/bin"
"/tmp/.mount_PlotJuIKIhkJ/usr/bin/libDataLoadCSV.so is a DataLoader plugin"
"/tmp/.mount_PlotJuIKIhkJ/usr/bin/libDataLoadMCAP.so is a DataLoader plugin"
"/tmp/.mount_PlotJuIKIhkJ/usr/bin/libDataLoadParquet.so is a DataLoader plugin"
"/tmp/.mount_PlotJuIKIhkJ/usr/bin/libDataLoadULog.so is a DataLoader plugin"
"/tmp/.mount_PlotJuIKIhkJ/usr/bin/libDataStreamFoxgloveBridge.so is a DataStreamer plugin"
"/tmp/.mount_PlotJuIKIhkJ/usr/bin/libDataStreamMQTT_Mosquitto.so is a DataStreamer plugin"
"/tmp/.mount_PlotJuIKIhkJ/usr/bin/libDataStreamPlotJugglerBridge.so is a DataStreamer plugin"
"/tmp/.mount_PlotJuIKIhkJ/usr/bin/libDataStreamSample.so is a DataStreamer plugin"  ...disabled, unless option -t is used
"/tmp/.mount_PlotJuIKIhkJ/usr/bin/libDataStreamUDP.so is a DataStreamer plugin"
"/tmp/.mount_PlotJuIKIhkJ/usr/bin/libDataStreamWebSocket.so is a DataStreamer plugin"
"/tmp/.mount_PlotJuIKIhkJ/usr/bin/libParserDataTamer.so is a MessageParser plugin"
"/tmp/.mount_PlotJuIKIhkJ/usr/bin/libParserLineInflux.so is a MessageParser plugin"
"/tmp/.mount_PlotJuIKIhkJ/usr/bin/libParserROS1.so is a MessageParser plugin"
"/tmp/.mount_PlotJuIKIhkJ/usr/bin/libParserROS2.so is a MessageParser plugin"
"/tmp/.mount_PlotJuIKIhkJ/usr/bin/libProtobufParser.so is a MessageParser plugin"
"/tmp/.mount_PlotJuIKIhkJ/usr/bin/libPublisherCSV.so is a StatePublisher plugin"
Type conversion already registered from type QString to type QwtText
"/tmp/.mount_PlotJuIKIhkJ/usr/bin/libToolboxFFT.so is a Toolbox plugin"
"/tmp/.mount_PlotJuIKIhkJ/usr/bin/libToolboxLuaEditor.so is a Toolbox plugin"
Type conversion already registered from type QString to type QwtText
"/tmp/.mount_PlotJuIKIhkJ/usr/bin/libToolboxQuaternion.so is a Toolbox plugin"
Loading compatible plugins from directory:  "/usr/local/bin"
Loading compatible plugins from directory:  "/home/nano/.local/share/PlotJuggler"
Plugin folder does not exist:  "/home/nano/.local/share/PlotJuggler"
"IPv4 UDP listening on (127.0.0.1, 9870)"
